<?xml version='1.0' encoding='UTF-8'?>
<!DOCTYPE dataset SYSTEM "../dataset.dtd">
<dataset>
   <users id="1" comment="comment" email="asd@asd.ru"
          firstname="firstname" lastname="lastname"
          password="91a73fd806ab2c005c13b4dc19130a884e909dea3f72d46e30266fe1a1f588d8" username="user"/>
</dataset>
