<?xml version='1.0' encoding='UTF-8'?>
<!DOCTYPE dataset SYSTEM "../dataset.dtd">
<dataset>
   <users id="1" email="new@new.cc" firstname="new firstName" lastname="new lastName"
          password="someDigestValue" username="new-userName"/>

  <user_role user_id="1" role_name="ROLE_COMPANYUSER"/>
  <user_role user_id="1" role_name="ROLE_USER"/>
</dataset>
