<?xml version='1.0' encoding='UTF-8'?>
<!DOCTYPE dataset SYSTEM "../dataset.dtd">
<dataset>
   <users id="1" email="new@new.cc" firstname="new firstName" lastname="new lastName"
          password="a665a45920422f9d417e4867efdc4fb8a04a1f3fff1fa07e998e86f7f7a27ae3" username="new-userName"/>

  <user_role user_id="1" role_name="ROLE_COMPANYUSER"/>
  <user_role user_id="1" role_name="ROLE_USER"/>
</dataset>
